
> pixelgravity@0.1.0 build
> next build

   Γû▓ Next.js 15.1.6

   Creating an optimized production build ...
node.exe : [Error: 
Cannot apply unknown 
utility class 
`bg-background`]
At line:1 char:1
+ & "C:\Program Files
\nodejs/node.exe" 
"C:\Program 
Files\nodejs/node_mo 
...
+ ~~~~~~~~~~~~~~~~~~~
~~~~~~~~~~~~~~~~~~~~~
~~~~~~~~~~~~~~~~~~~~~
~~~~~~~~
    + CategoryInfo   
           : NotSpe  
  cified: ([Error:   
  Cannot ...bg-ba    
ckground`]:Strin    
g) [], RemoteExc    
eption
    + FullyQualified 
   ErrorId : Native  
  CommandError
 
<w> [webpack.cache.Pa
ckFileCacheStrategy] 
Skipped not 
serializable cache 
item 'Compilation/mod
ules|D:\Projects\pixe
lgra\pixelgravity\nod
e_modules\next\dist\b
uild\webpack\loaders\
css-loader\src\index.
js??ruleSet[1].rules[
13].oneOf[10].use[2]!
D:\Projects\pixelgra\
pixelgravity\node_mod
ules\next\dist\build\
webpack\loaders\postc
ss-loader\src\index.j
s??ruleSet[1].rules[1
3].oneOf[10].use[3]!D
:\Projects\pixelgra\p
ixelgravity\app\globa
ls.css': No 
serializer 
registered for 
PostCSSSyntaxError
<w> while 
serializing webpack/l
ib/cache/PackFileCach
eStrategy.PackContent
Items -> webpack/lib/
NormalModule -> webpa
ck/lib/ModuleBuildErr
or -> 
PostCSSSyntaxError
Failed to compile.

./app/globals.css:1:1
Syntax error: 
tailwindcss: D:\Proje
cts\pixelgra\pixelgra
vity\app\globals.css 
Cannot apply unknown 
utility class 
`bg-background`

[1m[31m>[39m[22m
[90m 1 | [39m[36m@i
mport[39m [32m"tail
windcss"[39m[33m;[
39m
 [90m   | [39m[1m
[31m^[39m[22m
 [90m 2 | [39m
 [90m 3 | [39m[36m
@theme[39m 
[33m{[39m

./app/globals.css
Syntax error: 
tailwindcss: D:\Proje
cts\pixelgra\pixelgra
vity\app\globals.css 
Cannot apply unknown 
utility class 
`bg-background` (1:1)

[1m[31m>[39m[22m
[90m 1 | [39m[36m@i
mport[39m [32m"tail
windcss"[39m[33m;[
39m
 [90m   | [39m[1m
[31m^[39m[22m
 [90m 2 | [39m
 [90m 3 | [39m[36m
@theme[39m 
[33m{[39m

    at 
tryRunOrWebpackError 
(D:\Projects\pixelgra
\pixelgravity\node_mo
dules\next\dist\compi
led\webpack\bundle5.j
s:28:314962)
    at __webpack_requ
ire_module__ (D:\Proj
ects\pixelgra\pixelgr
avity\node_modules\ne
xt\dist\compiled\webp
ack\bundle5.js:28:131
434)
    at __nested_webpa
ck_require_161179__ (
D:\Projects\pixelgra\
pixelgravity\node_mod
ules\next\dist\compil
ed\webpack\bundle5.js
:28:130872)
    at D:\Projects\pi
xelgra\pixelgravity\n
ode_modules\next\dist
\compiled\webpack\bun
dle5.js:28:131723
    at 
symbolIterator (D:\Pr
ojects\pixelgra\pixel
gravity\node_modules\
next\dist\compiled\ne
o-async\async.js:1:14
444)
    at done (D:\Proje
cts\pixelgra\pixelgra
vity\node_modules\nex
t\dist\compiled\neo-a
sync\async.js:1:14824
)
    at Hook.eval [as 
callAsync] (eval at 
create (D:\Projects\p
ixelgra\pixelgravity\
node_modules\next\dis
t\compiled\webpack\bu
ndle5.js:13:9218), 
<anonymous>:15:1)
    at Hook.CALL_ASYN
C_DELEGATE [as 
_callAsync] (D:\Proje
cts\pixelgra\pixelgra
vity\node_modules\nex
t\dist\compiled\webpa
ck\bundle5.js:13:6372
)
    at D:\Projects\pi
xelgra\pixelgravity\n
ode_modules\next\dist
\compiled\webpack\bun
dle5.js:28:130593
    at 
symbolIterator (D:\Pr
ojects\pixelgra\pixel
gravity\node_modules\
next\dist\compiled\ne
o-async\async.js:1:14
402)
-- inner error --
Syntax error: 
tailwindcss: D:\Proje
cts\pixelgra\pixelgra
vity\app\globals.css 
Cannot apply unknown 
utility class 
`bg-background` (1:1)

[1m[31m>[39m[22m
[90m 1 | [39m[36m@i
mport[39m [32m"tail
windcss"[39m[33m;[
39m
 [90m   | [39m[1m
[31m^[39m[22m
 [90m 2 | [39m
 [90m 3 | [39m[36m
@theme[39m 
[33m{[39m

    at 
Object.<anonymous> (D
:\Projects\pixelgra\p
ixelgravity\node_modu
les\next\dist\build\w
ebpack\loaders\css-lo
ader\src\index.js??ru
leSet[1].rules[13].on
eOf[10].use[2]!D:\Pro
jects\pixelgra\pixelg
ravity\node_modules\n
ext\dist\build\webpac
k\loaders\postcss-loa
der\src\index.js??rul
eSet[1].rules[13].one
Of[10].use[3]!D:\Proj
ects\pixelgra\pixelgr
avity\app\globals.css
:1:7)
    at D:\Projects\pi
xelgra\pixelgravity\n
ode_modules\next\dist
\compiled\webpack\bun
dle5.js:28:955548
    at Hook.eval [as 
call] (eval at 
create (D:\Projects\p
ixelgra\pixelgravity\
node_modules\next\dis
t\compiled\webpack\bu
ndle5.js:13:8996), 
<anonymous>:7:1)
    at 
Hook.CALL_DELEGATE 
[as _call] (D:\Projec
ts\pixelgra\pixelgrav
ity\node_modules\next
\dist\compiled\webpac
k\bundle5.js:13:6266)
    at D:\Projects\pi
xelgra\pixelgravity\n
ode_modules\next\dist
\compiled\webpack\bun
dle5.js:28:131467
    at 
tryRunOrWebpackError 
(D:\Projects\pixelgra
\pixelgravity\node_mo
dules\next\dist\compi
led\webpack\bundle5.j
s:28:314916)
    at __webpack_requ
ire_module__ (D:\Proj
ects\pixelgra\pixelgr
avity\node_modules\ne
xt\dist\compiled\webp
ack\bundle5.js:28:131
434)
    at __nested_webpa
ck_require_161179__ (
D:\Projects\pixelgra\
pixelgravity\node_mod
ules\next\dist\compil
ed\webpack\bundle5.js
:28:130872)
    at D:\Projects\pi
xelgra\pixelgravity\n
ode_modules\next\dist
\compiled\webpack\bun
dle5.js:28:131723
    at 
symbolIterator (D:\Pr
ojects\pixelgra\pixel
gravity\node_modules\
next\dist\compiled\ne
o-async\async.js:1:14
444)

Generated code for D:
\Projects\pixelgra\pi
xelgravity\node_modul
es\next\dist\build\we
bpack\loaders\css-loa
der\src\index.js??rul
eSet[1].rules[13].one
Of[10].use[2]!D:\Proj
ects\pixelgra\pixelgr
avity\node_modules\ne
xt\dist\build\webpack
\loaders\postcss-load
er\src\index.js??rule
Set[1].rules[13].oneO
f[10].use[3]!D:\Proje
cts\pixelgra\pixelgra
vity\app\globals.css

Import trace for 
requested module:
./app/globals.css


> Build failed 
because of webpack 
errors
